C51 COMPILER V9.53.0.0   DELAY                                                             07/20/2016 14:44:21 PAGE 1   


C51 COMPILER V9.53.0.0, COMPILATION OF MODULE DELAY
OBJECT MODULE PLACED IN delay.obj
COMPILER INVOKED BY: C:\Keil_MDK\C51\BIN\C51.EXE delay\delay.c OPTIMIZE(8,SPEED) BROWSE INCDIR(.\delay;.\uart;.\NRF24L01
                    -__Sender;.\nine_key;.\HandSignal) DEBUG OBJECTEXTEND PRINT(.\delay.lst) TABS(2) OBJECT(delay.obj)

line level    source

   1          #include "AllFunc.h"
   2          
   3          
   4          void delay_us(unsigned char t) //2t+5
   5          {
   6   1          while(--t);
   7   1      }
   8          
   9          void delay_ms(unsigned char t) // Ìît£¬¼´tms
  10          {
  11   1          while(t--)
  12   1          {
  13   2              delay_us(245);
  14   2              delay_us(245);
  15   2          }
  16   1      }
  17          
  18          void delay_s(unsigned char t)
  19          {
  20   1          unsigned char i,j;
  21   1          for(j = 0; j < t; j++)
  22   1          {
  23   2            for(i = 0; i < 5; i++)
  24   2            {
  25   3                delay_ms(200);
  26   3            }
  27   2          }
  28   1      }


MODULE INFORMATION:   STATIC OVERLAYABLE
   CODE SIZE        =     48    ----
   CONSTANT SIZE    =   ----    ----
   XDATA SIZE       =   ----    ----
   PDATA SIZE       =   ----    ----
   DATA SIZE        =   ----    ----
   IDATA SIZE       =   ----    ----
   BIT SIZE         =   ----    ----
END OF MODULE INFORMATION.


C51 COMPILATION COMPLETE.  0 WARNING(S),  0 ERROR(S)
