C51 COMPILER V9.53.0.0   UART                                                              07/20/2016 14:44:21 PAGE 1   


C51 COMPILER V9.53.0.0, COMPILATION OF MODULE UART
OBJECT MODULE PLACED IN uart.obj
COMPILER INVOKED BY: C:\Keil_MDK\C51\BIN\C51.EXE uart\uart.c OPTIMIZE(8,SPEED) BROWSE INCDIR(.\delay;.\uart;.\NRF24L01__
                    -Sender;.\nine_key;.\HandSignal) DEBUG OBJECTEXTEND PRINT(.\uart.lst) TABS(2) OBJECT(uart.obj)

line level    source

   1          #include "AllFunc.h"
   2          
   3          
   4          //uart初始化函数
   5          void uart_init()
   6          {
   7   1          SCON = 0x50;   //设置串口工作方式
   8   1          TMOD |= 0x20;  //设置定时器一工作在八位自动重装方式
   9   1          TH1 = 0xfa;    //比特率为4800bit/s时的TH1中放置的初始值，开始时，自动赋给TL1
  10   1          TR1 = 1;       //允许中断
  11   1        
  12   1          EA = 1;         //总中断
  13   1          ES = 1;         //串口中断
  14   1      }
  15          
  16          //发送单个字节给PC
  17          void uart_sendbyte(unsigned char byte)
  18          {
  19   1          /*TI为发送中断，如果发送一个数据，则被置一，被置一后需要手动复位*/
  20   1          SBUF = byte;//将内容放到SBUF中，PC会接收
  21   1          while(!TI); //当TI = 0时，等待发送完成
  22   1          TI = 0;     //TI需要手动置零
  23   1      }
  24          
  25          //发送字符串到PC
  26          void uart_sendstr(unsigned char *s)
  27          {
  28   1          while(*s)
  29   1          {
  30   2              uart_sendbyte(*s);
  31   2              s ++;
  32   2          }
  33   1      }
  34          
  35          //中断服务函数，用于软复位
  36          void uart_isr() interrupt 4
  37          {
  38   1          static unsigned char i = 0;
  39   1          unsigned char temp;
  40   1          ES = 0;
  41   1          temp = SBUF;
  42   1          if(0x7f == temp)//专门用于德飞莱开发板的0x7f
  43   1          {
  44   2              i ++;
  45   2              if(10 == i)
  46   2              {
  47   3                  i = 0;
  48   3                  ISP_CONTR = 0xe0;
  49   3              }
  50   2          }
  51   1          else
  52   1          {
  53   2              i = 0;
  54   2          }
C51 COMPILER V9.53.0.0   UART                                                              07/20/2016 14:44:21 PAGE 2   

  55   1          RI = 0;
  56   1          ES = 1;
  57   1      }


MODULE INFORMATION:   STATIC OVERLAYABLE
   CODE SIZE        =     88    ----
   CONSTANT SIZE    =   ----    ----
   XDATA SIZE       =   ----    ----
   PDATA SIZE       =   ----    ----
   DATA SIZE        =      1    ----
   IDATA SIZE       =   ----    ----
   BIT SIZE         =   ----    ----
END OF MODULE INFORMATION.


C51 COMPILATION COMPLETE.  0 WARNING(S),  0 ERROR(S)
