BL51 BANKED LINKER/LOCATER V6.22                                                        12/06/2016  00:26:31  PAGE 1


BL51 BANKED LINKER/LOCATER V6.22, INVOKED BY:
C:\KEIL_MDK\C51\BIN\BL51.EXE STARTUP.obj, test.obj, delay.obj, uart.obj, tmp_hum_new.obj, key.obj TO test


MEMORY MODEL: SMALL


INPUT MODULES INCLUDED:
  STARTUP.obj (?C_STARTUP)
  test.obj (TEST)
  delay.obj (DELAY)
  uart.obj (UART)
  tmp_hum_new.obj (TMP_HUM_NEW)
  key.obj (KEY)
  C:\KEIL_MDK\C51\LIB\C51S.LIB (?C_INIT)
  C:\KEIL_MDK\C51\LIB\C51S.LIB (?C?CLDPTR)


LINK MAP OF MODULE:  test (?C_STARTUP)


            TYPE    BASE      LENGTH    RELOCATION   SEGMENT NAME
            -----------------------------------------------------

            * * * * * * *   D A T A   M E M O R Y   * * * * * * *
            REG     0000H     0008H     ABSOLUTE     "REG BANK 0"
            DATA    0008H     0020H     UNIT         _DATA_GROUP_
            DATA    0028H     000AH     UNIT         ?DT?TMP_HUM_NEW
            DATA    0032H     0001H     UNIT         ?DT?UART
            DATA    0033H     0001H     UNIT         ?DT?DELAY_10US?TMP_HUM_NEW
            IDATA   0034H     0001H     UNIT         ?STACK

            * * * * * * *   C O D E   M E M O R Y   * * * * * * *
            CODE    0000H     0003H     ABSOLUTE     
            CODE    0003H     0003H     ABSOLUTE     
            CODE    0006H     000DH     UNIT         ?PR?DELAY_10US?TMP_HUM_NEW
            CODE    0013H     0003H     ABSOLUTE     
            CODE    0016H     0008H     UNIT         ?PR?_UART_SENDBYTE?UART
            CODE    001EH     0004H     UNIT         ?C_INITSEG
                    0022H     0001H                  *** GAP ***
            CODE    0023H     0003H     ABSOLUTE     
            CODE    0026H     014DH     UNIT         ?PR?KEY_SCAN?KEY
            CODE    0173H     009AH     UNIT         ?PR?READTEMPANDHUMI?TMP_HUM_NEW
            CODE    020DH     008CH     UNIT         ?C_C51STARTUP
            CODE    0299H     0080H     UNIT         ?CO?TEST
            CODE    0319H     004CH     UNIT         ?PR?READVALUE?TMP_HUM_NEW
            CODE    0365H     002FH     UNIT         ?PR?MAIN?TEST
            CODE    0394H     002DH     UNIT         ?PR?UART_ISR?UART
            CODE    03C1H     001EH     UNIT         ?PR?_DELAY_1MS?TMP_HUM_NEW
            CODE    03DFH     0019H     UNIT         ?C?LIB_CODE
            CODE    03F8H     0018H     UNIT         ?PR?_DELAY_S?DELAY
            CODE    0410H     0015H     UNIT         ?PR?INTER0_ISR?TEST
            CODE    0425H     0015H     UNIT         ?PR?INTER1_ISR?TEST
            CODE    043AH     0015H     UNIT         ?PR?_DELAY_MS?DELAY
            CODE    044FH     0013H     UNIT         ?PR?_UART_SENDSTR?UART
            CODE    0462H     0010H     UNIT         ?PR?UART_INIT?UART
            CODE    0472H     0007H     UNIT         ?PR?INER0_INIT?TEST
            CODE    0479H     0007H     UNIT         ?PR?INER1_INIT?TEST
BL51 BANKED LINKER/LOCATER V6.22                                                      12/06/2016  00:26:31  PAGE 2


            CODE    0480H     0003H     UNIT         ?PR?_DELAY_US?DELAY



OVERLAY MAP OF MODULE:   test (?C_STARTUP)


SEGMENT                                   DATA_GROUP 
  +--> CALLED SEGMENT                   START    LENGTH
-------------------------------------------------------
?C_C51STARTUP                           -----    -----
  +--> ?PR?MAIN?TEST
  +--> ?C_INITSEG

?PR?MAIN?TEST                           0008H    0020H
  +--> ?PR?INER0_INIT?TEST
  +--> ?PR?INER1_INIT?TEST
  +--> ?PR?UART_INIT?UART
  +--> ?PR?_DELAY_MS?DELAY

?PR?_DELAY_MS?DELAY                     -----    -----
  +--> ?PR?_DELAY_US?DELAY



SYMBOL TABLE OF MODULE:  test (?C_STARTUP)

  VALUE           TYPE          NAME
  ----------------------------------

  -------         MODULE        ?C_STARTUP
  C:020DH         SEGMENT       ?C_C51STARTUP
  I:0034H         SEGMENT       ?STACK
  C:0000H         PUBLIC        ?C_STARTUP
  D:00E0H         SYMBOL        ACC
  D:00F0H         SYMBOL        B
  D:0083H         SYMBOL        DPH
  D:0082H         SYMBOL        DPL
  N:0000H         SYMBOL        IBPSTACK
  N:0100H         SYMBOL        IBPSTACKTOP
  N:0080H         SYMBOL        IDATALEN
  C:0210H         SYMBOL        IDATALOOP
  N:0000H         SYMBOL        PBPSTACK
  N:0100H         SYMBOL        PBPSTACKTOP
  N:0000H         SYMBOL        PDATALEN
  N:0000H         SYMBOL        PDATASTART
  N:0000H         SYMBOL        PPAGE
  N:0000H         SYMBOL        PPAGEENABLE
  D:00A0H         SYMBOL        PPAGE_SFR
  D:0081H         SYMBOL        SP
  C:020DH         SYMBOL        STARTUP1
  N:0000H         SYMBOL        XBPSTACK
  N:0000H         SYMBOL        XBPSTACKTOP
  N:0000H         SYMBOL        XDATALEN
  N:0000H         SYMBOL        XDATASTART
  C:0000H         LINE#         126
  C:020DH         LINE#         133
BL51 BANKED LINKER/LOCATER V6.22                                                      12/06/2016  00:26:31  PAGE 3


  C:020FH         LINE#         134
  C:0210H         LINE#         135
  C:0211H         LINE#         136
  C:0213H         LINE#         185
  C:0216H         LINE#         196
  -------         ENDMOD        ?C_STARTUP

  -------         MODULE        TEST
  C:0000H         SYMBOL        _ICE_DUMMY_
  D:0080H         PUBLIC        P0
  D:0090H         PUBLIC        P1
  D:00A0H         PUBLIC        P2
  D:00B0H         PUBLIC        P3
  B:00A8H.7       PUBLIC        EA
  D:00A8H         PUBLIC        IE
  D:00B8H         PUBLIC        IP
  C:0299H         PUBLIC        hztest
  C:0365H         PUBLIC        main
  D:0098H         PUBLIC        SCON
  D:0088H         PUBLIC        TCON
  C:0472H         PUBLIC        Iner0_Init
  C:0479H         PUBLIC        Iner1_Init
  C:0410H         PUBLIC        Inter0_Isr
  C:0425H         PUBLIC        Inter1_Isr
  B:00A8H.0       PUBLIC        EX0
  B:0088H.0       PUBLIC        IT0
  B:00A8H.2       PUBLIC        EX1
  B:0088H.2       PUBLIC        IT1
  D:00C8H         PUBLIC        T2CON
  D:00D0H         PUBLIC        PSW
  -------         PROC          INER0_INIT
  C:0472H         LINE#         13
  C:0472H         LINE#         14
  C:0472H         LINE#         15
  C:0474H         LINE#         16
  C:0476H         LINE#         17
  C:0478H         LINE#         18
  -------         ENDPROC       INER0_INIT
  -------         PROC          INER1_INIT
  C:0479H         LINE#         20
  C:0479H         LINE#         21
  C:0479H         LINE#         22
  C:047BH         LINE#         23
  C:047DH         LINE#         24
  C:047FH         LINE#         25
  -------         ENDPROC       INER1_INIT
  -------         PROC          MAIN
  -------         DO            
  D:0008H         SYMBOL        buf
  D:0026H         SYMBOL        len
  -------         ENDDO         
  C:0365H         LINE#         58
  C:0365H         LINE#         59
  C:0365H         LINE#         61
  C:036AH         LINE#         63
  C:036DH         LINE#         64
  C:0370H         LINE#         65
BL51 BANKED LINKER/LOCATER V6.22                                                      12/06/2016  00:26:31  PAGE 4


  C:0373H         LINE#         68
  C:0373H         LINE#         69
  C:0373H         LINE#         70
  C:0376H         LINE#         71
  C:0378H         LINE#         72
  C:037AH         LINE#         73
  C:037CH         LINE#         74
  C:0381H         LINE#         75
  C:0384H         LINE#         76
  C:0387H         LINE#         77
  C:038AH         LINE#         78
  C:038DH         LINE#         79
  C:0392H         LINE#         80
  -------         ENDPROC       MAIN
  -------         PROC          INTER0_ISR
  C:0410H         LINE#         86
  C:0412H         LINE#         88
  C:0414H         LINE#         90
  C:0418H         LINE#         91
  C:0418H         LINE#         92
  C:041BH         LINE#         93
  C:041DH         LINE#         95
  C:041DH         LINE#         96
  C:0420H         LINE#         97
  C:0420H         LINE#         99
  C:0422H         LINE#         101
  -------         ENDPROC       INTER0_ISR
  -------         PROC          INTER1_ISR
  C:0425H         LINE#         103
  C:0427H         LINE#         105
  C:0429H         LINE#         107
  C:042DH         LINE#         108
  C:042DH         LINE#         109
  C:0430H         LINE#         110
  C:0432H         LINE#         112
  C:0432H         LINE#         113
  C:0435H         LINE#         114
  C:0435H         LINE#         116
  C:0437H         LINE#         118
  -------         ENDPROC       INTER1_ISR
  -------         ENDMOD        TEST

  -------         MODULE        DELAY
  C:0000H         SYMBOL        _ICE_DUMMY_
  D:0090H         PUBLIC        P1
  D:00B0H         PUBLIC        P3
  D:00A8H         PUBLIC        IE
  D:00B8H         PUBLIC        IP
  D:0098H         PUBLIC        SCON
  D:0088H         PUBLIC        TCON
  C:043AH         PUBLIC        _delay_ms
  C:0480H         PUBLIC        _delay_us
  C:03F8H         PUBLIC        _delay_s
  D:00C8H         PUBLIC        T2CON
  D:00D0H         PUBLIC        PSW
  -------         PROC          _DELAY_US
  D:0007H         SYMBOL        t
BL51 BANKED LINKER/LOCATER V6.22                                                      12/06/2016  00:26:31  PAGE 5


  C:0480H         LINE#         5
  C:0480H         LINE#         6
  C:0480H         LINE#         7
  C:0482H         LINE#         8
  -------         ENDPROC       _DELAY_US
  -------         PROC          _DELAY_MS
  D:0006H         SYMBOL        t
  C:043AH         LINE#         10
  C:043CH         LINE#         11
  C:043CH         LINE#         12
  C:0442H         LINE#         13
  C:0442H         LINE#         14
  C:0447H         LINE#         15
  C:044CH         LINE#         16
  C:044EH         LINE#         17
  -------         ENDPROC       _DELAY_MS
  -------         PROC          _DELAY_S
  D:0005H         SYMBOL        t
  -------         DO            
  D:0003H         SYMBOL        i
  D:0004H         SYMBOL        j
  -------         ENDDO         
  C:03F8H         LINE#         19
  C:03FAH         LINE#         20
  C:03FAH         LINE#         22
  C:0401H         LINE#         23
  C:0401H         LINE#         24
  C:0403H         LINE#         25
  C:0403H         LINE#         26
  C:0408H         LINE#         27
  C:040CH         LINE#         28
  C:040FH         LINE#         29
  -------         ENDPROC       _DELAY_S
  -------         ENDMOD        DELAY

  -------         MODULE        UART
  C:0000H         SYMBOL        _ICE_DUMMY_
  D:0090H         PUBLIC        P1
  C:0016H         PUBLIC        _uart_sendbyte
  D:00B0H         PUBLIC        P3
  B:00A8H.7       PUBLIC        EA
  D:00A8H         PUBLIC        IE
  B:00A8H.4       PUBLIC        ES
  D:00B8H         PUBLIC        IP
  B:0098H.0       PUBLIC        RI
  B:0098H.1       PUBLIC        TI
  C:044FH         PUBLIC        _uart_sendstr
  D:0099H         PUBLIC        SBUF
  D:0098H         PUBLIC        SCON
  D:0089H         PUBLIC        TMOD
  D:0088H         PUBLIC        TCON
  D:008DH         PUBLIC        TH1
  C:0462H         PUBLIC        uart_init
  D:00E7H         PUBLIC        ISP_CONTR
  B:0088H.6       PUBLIC        TR1
  D:00C8H         PUBLIC        T2CON
  C:0394H         PUBLIC        uart_isr
BL51 BANKED LINKER/LOCATER V6.22                                                      12/06/2016  00:26:31  PAGE 6


  D:00D0H         PUBLIC        PSW
  -------         PROC          UART_INIT
  C:0462H         LINE#         6
  C:0462H         LINE#         7
  C:0462H         LINE#         8
  C:0465H         LINE#         9
  C:0468H         LINE#         10
  C:046BH         LINE#         11
  C:046DH         LINE#         13
  C:046FH         LINE#         14
  C:0471H         LINE#         15
  -------         ENDPROC       UART_INIT
  -------         PROC          _UART_SENDBYTE
  D:0007H         SYMBOL        byte
  C:0016H         LINE#         18
  C:0016H         LINE#         19
  C:0016H         LINE#         21
  C:0018H         LINE#         22
  C:001BH         LINE#         23
  C:001DH         LINE#         24
  -------         ENDPROC       _UART_SENDBYTE
  -------         PROC          _UART_SENDSTR
  D:0001H         SYMBOL        s
  C:044FH         LINE#         27
  C:044FH         LINE#         28
  C:044FH         LINE#         29
  C:0455H         LINE#         30
  C:0455H         LINE#         31
  C:0458H         LINE#         32
  C:045FH         LINE#         33
  C:0461H         LINE#         34
  -------         ENDPROC       _UART_SENDSTR
  -------         PROC          UART_ISR
  -------         DO            
  D:0032H         SYMBOL        i
  D:0007H         SYMBOL        temp
  -------         ENDDO         
  C:0394H         LINE#         37
  C:039DH         LINE#         41
  C:039FH         LINE#         42
  C:03A1H         LINE#         43
  C:03A4H         LINE#         44
  C:03A4H         LINE#         45
  C:03A6H         LINE#         46
  C:03ABH         LINE#         47
  C:03ABH         LINE#         48
  C:03AEH         LINE#         49
  C:03B1H         LINE#         50
  C:03B1H         LINE#         51
  C:03B3H         LINE#         53
  C:03B3H         LINE#         54
  C:03B6H         LINE#         55
  C:03B6H         LINE#         56
  C:03B8H         LINE#         57
  C:03BAH         LINE#         58
  -------         ENDPROC       UART_ISR
  -------         ENDMOD        UART
BL51 BANKED LINKER/LOCATER V6.22                                                      12/06/2016  00:26:31  PAGE 7



  -------         MODULE        TMP_HUM_NEW
  C:0000H         SYMBOL        _ICE_DUMMY_
  C:0319H         SYMBOL        ReadValue
  D:0090H         PUBLIC        P1
  D:00B0H         PUBLIC        P3
  B:00A8H.7       PUBLIC        EA
  D:00A8H         PUBLIC        IE
  D:00B8H         PUBLIC        IP
  C:0006H         SYMBOL        Delay_10us
  D:0028H         SYMBOL        value_array
  B:0090H.3       PUBLIC        dht11
  D:002DH         SYMBOL        status
  D:0098H         PUBLIC        SCON
  D:0088H         PUBLIC        TCON
  D:002EH         PUBLIC        humi_value
  D:0030H         PUBLIC        temp_value
  C:0173H         PUBLIC        ReadTempAndHumi
  C:03C1H         PUBLIC        _Delay_1ms
  D:00C8H         PUBLIC        T2CON
  D:00D0H         PUBLIC        PSW
  -------         PROC          _DELAY_1MS
  D:0006H         SYMBOL        ms
  -------         DO            
  D:0006H         SYMBOL        x
  D:0004H         SYMBOL        y
  -------         ENDDO         
  C:03C1H         LINE#         27
  C:03C1H         LINE#         28
  C:03C1H         LINE#         30
  C:03CAH         LINE#         31
  C:03CAH         LINE#         32
  C:03D7H         LINE#         33
  C:03DEH         LINE#         34
  -------         ENDPROC       _DELAY_1MS
  -------         PROC          DELAY_10US
  -------         DO            
  D:0033H         SYMBOL        i
  -------         ENDDO         
  C:0006H         LINE#         35
  C:0006H         LINE#         36
  C:0006H         LINE#         38
  C:0008H         LINE#         39
  C:000AH         LINE#         40
  C:000CH         LINE#         41
  C:000EH         LINE#         42
  C:0010H         LINE#         43
  C:0012H         LINE#         44
  -------         ENDPROC       DELAY_10US
  -------         PROC          READVALUE
  -------         DO            
  D:0005H         SYMBOL        count
  D:0007H         SYMBOL        value
  D:0006H         SYMBOL        i
  -------         ENDDO         
  C:0319H         LINE#         46
  C:0319H         LINE#         47
BL51 BANKED LINKER/LOCATER V6.22                                                      12/06/2016  00:26:31  PAGE 8


  C:0319H         LINE#         48
  C:031BH         LINE#         49
  C:031EH         LINE#         50
  C:0320H         LINE#         51
  C:0320H         LINE#         53
  C:0324H         LINE#         54
  C:0326H         LINE#         56
  C:0332H         LINE#         57
  C:0338H         LINE#         58
  C:0338H         LINE#         59
  C:0338H         LINE#         60
  C:033AH         LINE#         61
  C:033AH         LINE#         63
  C:033DH         LINE#         64
  C:0340H         LINE#         65
  C:0343H         LINE#         67
  C:0346H         LINE#         68
  C:0346H         LINE#         70
  C:0347H         LINE#         72
  C:0353H         LINE#         73
  C:0353H         LINE#         74
  C:0355H         LINE#         75
  C:0357H         LINE#         76
  C:035DH         LINE#         77
  C:035DH         LINE#         78
  C:0360H         LINE#         79
  C:0362H         LINE#         80
  C:0362H         LINE#         81
  C:0362H         LINE#         82
  C:0364H         LINE#         83
  C:0364H         LINE#         84
  -------         ENDPROC       READVALUE
  -------         PROC          READTEMPANDHUMI
  -------         DO            
  D:0003H         SYMBOL        i
  D:0001H         SYMBOL        check_value
  D:0002H         SYMBOL        count
  -------         ENDDO         
  C:0173H         LINE#         86
  C:0173H         LINE#         87
  C:0173H         LINE#         88
  C:0177H         LINE#         89
  C:0179H         LINE#         90
  C:017BH         LINE#         91
  C:0181H         LINE#         92
  C:0183H         LINE#         94
  C:0186H         LINE#         95
  C:0189H         LINE#         96
  C:018CH         LINE#         97
  C:018FH         LINE#         98
  C:0192H         LINE#         99
  C:0192H         LINE#         101
  C:0192H         LINE#         102
  C:0194H         LINE#         103
  C:0194H         LINE#         105
  C:0194H         LINE#         107
  C:01A0H         LINE#         108
BL51 BANKED LINKER/LOCATER V6.22                                                      12/06/2016  00:26:31  PAGE 9


  C:01A6H         LINE#         109
  C:01A6H         LINE#         110
  C:01A6H         LINE#         111
  C:01A6H         LINE#         112
  C:01A8H         LINE#         113
  C:01A8H         LINE#         114
  C:01AAH         LINE#         115
  C:01ACH         LINE#         117
  C:01B8H         LINE#         118
  C:01BEH         LINE#         119
  C:01BEH         LINE#         120
  C:01C0H         LINE#         121
  C:01C0H         LINE#         122
  C:01C2H         LINE#         123
  C:01C2H         LINE#         125
  C:01C4H         LINE#         126
  C:01C4H         LINE#         127
  C:01CDH         LINE#         128
  C:01D1H         LINE#         129
  C:01D1H         LINE#         130
  C:01D3H         LINE#         131
  C:01D5H         LINE#         132
  C:01D7H         LINE#         133
  C:01D7H         LINE#         135
  C:01DCH         LINE#         136
  C:01DCH         LINE#         138
  C:01E3H         LINE#         139
  C:01E3H         LINE#         140
  C:01E7H         LINE#         142
  C:01EBH         LINE#         143
  C:01EBH         LINE#         145
  C:01F6H         LINE#         146
  C:0201H         LINE#         147
  C:0203H         LINE#         148
  C:0205H         LINE#         149
  C:0208H         LINE#         150
  C:0208H         LINE#         152
  C:0208H         LINE#         154
  C:020AH         LINE#         155
  C:020CH         LINE#         156
  C:020CH         LINE#         157
  C:020CH         LINE#         158
  -------         ENDPROC       READTEMPANDHUMI
  -------         ENDMOD        TMP_HUM_NEW

  -------         MODULE        KEY
  C:0000H         SYMBOL        _ICE_DUMMY_
  B:0080H.0       PUBLIC        L3
  D:0080H         PUBLIC        P0
  D:0090H         PUBLIC        P1
  D:00B0H         PUBLIC        P3
  D:00A8H         PUBLIC        IE
  C:0026H         PUBLIC        Key_Scan
  D:00B8H         PUBLIC        IP
  D:0098H         PUBLIC        SCON
  D:0088H         PUBLIC        TCON
  D:00C8H         PUBLIC        T2CON
BL51 BANKED LINKER/LOCATER V6.22                                                      12/06/2016  00:26:31  PAGE 10


  B:0080H.3       PUBLIC        H1
  B:0080H.4       PUBLIC        H2
  B:0080H.5       PUBLIC        H3
  D:00D0H         PUBLIC        PSW
  B:0080H.2       PUBLIC        L1
  B:0080H.1       PUBLIC        L2
  -------         PROC          KEY_SCAN
  C:0026H         LINE#         23
  C:0026H         LINE#         24
  C:0026H         LINE#         25
  C:0028H         LINE#         26
  C:002AH         LINE#         27
  C:002CH         LINE#         28
  C:002EH         LINE#         29
  C:0030H         LINE#         30
  C:0032H         LINE#         32
  C:0047H         LINE#         33
  C:0047H         LINE#         34
  C:004CH         LINE#         35
  C:0061H         LINE#         36
  C:0061H         LINE#         38
  C:0063H         LINE#         39
  C:0065H         LINE#         40
  C:0067H         LINE#         41
  C:0069H         LINE#         42
  C:006BH         LINE#         43
  C:006DH         LINE#         45
  C:007FH         LINE#         46
  C:007FH         LINE#         47
  C:0083H         LINE#         48
  C:0087H         LINE#         49
  C:008BH         LINE#         50
  C:008DH         LINE#         51
  C:008FH         LINE#         52
  C:0091H         LINE#         53
  C:009AH         LINE#         54
  C:009AH         LINE#         55
  C:009FH         LINE#         56
  C:009FH         LINE#         57
  C:00A8H         LINE#         58
  C:00A8H         LINE#         59
  C:00ADH         LINE#         60
  C:00ADH         LINE#         61
  C:00B6H         LINE#         62
  C:00B6H         LINE#         63
  C:00BBH         LINE#         64
  C:00BBH         LINE#         66
  C:00BBH         LINE#         68
  C:00BDH         LINE#         69
  C:00BFH         LINE#         70
  C:00C1H         LINE#         71
  C:00C3H         LINE#         72
  C:00C5H         LINE#         73
  C:00C7H         LINE#         75
  C:00D9H         LINE#         76
  C:00D9H         LINE#         77
  C:00DDH         LINE#         78
BL51 BANKED LINKER/LOCATER V6.22                                                      12/06/2016  00:26:31  PAGE 11


  C:00E1H         LINE#         79
  C:00E5H         LINE#         80
  C:00E7H         LINE#         81
  C:00E9H         LINE#         82
  C:00EBH         LINE#         84
  C:00F4H         LINE#         85
  C:00F4H         LINE#         86
  C:00F9H         LINE#         87
  C:00F9H         LINE#         88
  C:0102H         LINE#         89
  C:0102H         LINE#         90
  C:0107H         LINE#         91
  C:0107H         LINE#         92
  C:0110H         LINE#         93
  C:0110H         LINE#         94
  C:0115H         LINE#         95
  C:0115H         LINE#         96
  C:0115H         LINE#         98
  C:0117H         LINE#         99
  C:0119H         LINE#         100
  C:011BH         LINE#         101
  C:011DH         LINE#         102
  C:011FH         LINE#         103
  C:0121H         LINE#         105
  C:0133H         LINE#         106
  C:0133H         LINE#         107
  C:0137H         LINE#         108
  C:013BH         LINE#         109
  C:013FH         LINE#         110
  C:0141H         LINE#         111
  C:0143H         LINE#         112
  C:0145H         LINE#         113
  C:014EH         LINE#         114
  C:014EH         LINE#         115
  C:0153H         LINE#         116
  C:0153H         LINE#         117
  C:015CH         LINE#         118
  C:015CH         LINE#         119
  C:0161H         LINE#         120
  C:0161H         LINE#         121
  C:016AH         LINE#         122
  C:016AH         LINE#         123
  C:016FH         LINE#         124
  C:016FH         LINE#         126
  C:016FH         LINE#         127
  C:016FH         LINE#         128
  C:016FH         LINE#         129
  C:0172H         LINE#         131
  -------         ENDPROC       KEY_SCAN
  -------         ENDMOD        KEY

  -------         MODULE        ?C?CLDPTR
  C:03DFH         PUBLIC        ?C?CLDPTR
  -------         ENDMOD        ?C?CLDPTR

*** WARNING L16: UNCALLED SEGMENT, IGNORED FOR OVERLAY PROCESS
    SEGMENT: ?CO?TEST
BL51 BANKED LINKER/LOCATER V6.22                                                      12/06/2016  00:26:31  PAGE 12



*** WARNING L16: UNCALLED SEGMENT, IGNORED FOR OVERLAY PROCESS
    SEGMENT: ?PR?_DELAY_S?DELAY

*** WARNING L16: UNCALLED SEGMENT, IGNORED FOR OVERLAY PROCESS
    SEGMENT: ?PR?_UART_SENDSTR?UART

*** WARNING L16: UNCALLED SEGMENT, IGNORED FOR OVERLAY PROCESS
    SEGMENT: ?PR?READTEMPANDHUMI?TMP_HUM_NEW

*** WARNING L16: UNCALLED SEGMENT, IGNORED FOR OVERLAY PROCESS
    SEGMENT: ?PR?KEY_SCAN?KEY

Program Size: data=53.0 xdata=0 code=1154
LINK/LOCATE RUN COMPLETE.  5 WARNING(S),  0 ERROR(S)
