C51 COMPILER V9.51   DELAY                                                                 12/07/2015 19:54:34 PAGE 1   


C51 COMPILER V9.51, COMPILATION OF MODULE DELAY
OBJECT MODULE PLACED IN delay.obj
COMPILER INVOKED BY: D:\360Downloads\C51\BIN\C51.EXE delay\delay.c BROWSE INCDIR(.\delay;.\uart) DEBUG OBJECTEXTEND PRIN
                    -T(.\delay.lst) TABS(2) OBJECT(delay.obj)

line level    source

   1          #include "delay.h"
   2          #include <reg52.h>
   3          
   4          
   5          void delay_us(unsigned char t) //2t+5
   6          {
   7   1          while(--t);
   8   1      }
   9          
  10          void delay_ms(unsigned char t) // Ìît£¬¼´tms
  11          {
  12   1          while(t--)
  13   1          {
  14   2              delay_us(245);
  15   2              delay_us(245);
  16   2          }
  17   1      }
  18          
  19          void delay_s(unsigned char t)
  20          {
  21   1          unsigned char i,j;
  22   1          for(j = 0; j < t; j++)
  23   1          {
  24   2            for(i = 0; i < 5; i++)
  25   2            {
  26   3                delay_ms(200);
  27   3            }
  28   2          }
  29   1      }


MODULE INFORMATION:   STATIC OVERLAYABLE
   CODE SIZE        =     48    ----
   CONSTANT SIZE    =   ----    ----
   XDATA SIZE       =   ----    ----
   PDATA SIZE       =   ----    ----
   DATA SIZE        =   ----    ----
   IDATA SIZE       =   ----    ----
   BIT SIZE         =   ----    ----
END OF MODULE INFORMATION.


C51 COMPILATION COMPLETE.  0 WARNING(S),  0 ERROR(S)
